// Jest Snapshot v1, https://goo.gl/fbAQLP

exports[`MovieForm component renders correctly 1`] = `
<div>
  <form
    class="movieForm"
  >
    <div
      class="labelAndInputContainer"
    >
      <label
        class="inputLabel"
        for="movieTitle"
      >
        Title
      </label>
      <input
        aria-label="Movie title"
        class="input"
        id="movieTitle"
        name="title"
        placeholder="Movie title"
        type="text"
        value=""
      />
    </div>
    <div
      class="labelAndInputContainer"
    >
      <label
        class="inputLabel"
        for="releaseDate"
      >
        Release Date
      </label>
      <input
        aria-label="Release Date"
        class="input"
        id="releaseDate"
        name="release_date"
        placeholder="Select Date"
        type="date"
        value=""
      />
    </div>
    <div
      class="labelAndInputContainer"
    >
      <label
        class="inputLabel"
        for="posterPath"
      >
        Poster Path
      </label>
      <input
        aria-label="Poster Path"
        class="input"
        id="posterPath"
        name="poster_path"
        placeholder="https://"
        type="url"
        value=""
      />
    </div>
    <div
      class="labelAndInputContainer"
    >
      <label
        class="inputLabel"
        for="rating"
      >
        Rating
      </label>
      <input
        aria-label="Movie Rating"
        class="input"
        id="rating"
        name="vote_average"
        placeholder="7.8"
        step="0.1"
        type="number"
        value=""
      />
    </div>
    <div
      class="labelAndInputContainer"
    >
      <label
        class="inputLabel"
        for="genres"
      >
        Genre
      </label>
      <select
        aria-label="Movie Genres"
        class="input"
        id="genres"
        multiple=""
        name="genres"
      >
        <option
          value="Action"
        >
          Action
        </option>
        <option
          value="Adventure"
        >
          Adventure
        </option>
        <option
          value="Comedy"
        >
          Comedy
        </option>
        <option
          value="Crime"
        >
          Crime
        </option>
        <option
          value="Documentary"
        >
          Documentary
        </option>
        <option
          value="Drama"
        >
          Drama
        </option>
        <option
          value="Fantasy"
        >
          Fantasy
        </option>
        <option
          value="Horror"
        >
          Horror
        </option>
        <option
          value="Musical"
        >
          Musical
        </option>
        <option
          value="Mystery"
        >
          Mystery
        </option>
        <option
          value="Romance"
        >
          Romance
        </option>
        <option
          value="Science Fiction"
        >
          Science Fiction
        </option>
        <option
          value="Thriller"
        >
          Thriller
        </option>
        <option
          value="War"
        >
          War
        </option>
      </select>
    </div>
    <div
      class="labelAndInputContainer"
    >
      <label
        class="inputLabel"
        for="runtime"
      >
        Runtime
      </label>
      <input
        aria-label="Movie Runtime"
        class="input"
        id="runtime"
        name="runtime"
        placeholder="minutes"
        type="text"
        value=""
      />
    </div>
    <div
      class="overviewContainer"
    >
      <label
        class="inputLabel"
        for="overview"
      >
        Overview
      </label>
      <textarea
        aria-label="Movie overview"
        class="input"
        id="overview"
        name="overview"
        placeholder="Movie overview"
      />
    </div>
    <div
      class="buttonsContainer"
    >
      <button
        aria-label="Reset"
        class="resetButton"
        type="reset"
      >
        Reset
      </button>
      <button
        aria-label="Submit new movie"
        class="submitButton"
        type="submit"
      >
        Submit
      </button>
    </div>
  </form>
</div>
`;
