// Jest Snapshot v1, https://goo.gl/fbAQLP

exports[`MovieTile renders correctly 1`] = `
<div>
  <div
    class="movieTile"
    data-testid="movie-tile"
  >
    <img
      alt="Pulp Fiction"
      class="movieTileImage"
      src="images/Pulp_Fiction.png"
    />
    <span
      class="movieTitleAndYear"
    >
      <h2
        class="title"
      >
        Pulp Fiction
      </h2>
      <span
        class="year"
        data-cy="movie-tile-release-date"
      >
        1994
      </span>
    </span>
    <p
      class="genres"
      data-cy="movie-tile-genres"
    >
      <span>
        Crime
         
      </span>
      <span>
        Thriller
         
      </span>
    </p>
  </div>
</div>
`;
