// Jest Snapshot v1, https://goo.gl/fbAQLP

exports[`Dialog component renders correctly for Delete Dialog 1`] = `
<div>
  <div
    class="dialogContainer"
  >
    <h1
      class="dialogTitle"
    >
      DELETE MOVIE
    </h1>
    <p
      class="deleteMessage"
    >
      Are you sure you want to delete this movie?
    </p>
    <button
      aria-label="Confirm"
      class="confirmDeleteMovieButton"
    >
      Confirm
    </button>
    <button
      aria-label="close"
      class="closeButton"
      name="close"
    >
      X
    </button>
  </div>
</div>
`;
